#
# There is insufficient memory for the Java Runtime Environment to continue.
# Native memory allocation (malloc) failed to allocate 1048576 bytes. Error detail: AllocateHeap
# Possible reasons:
#   The system is out of physical RAM or swap space
#   This process is running with CompressedOops enabled, and the Java Heap may be blocking the growth of the native heap
# Possible solutions:
#   Reduce memory load on the system
#   Increase physical memory or swap space
#   Check if swap backing store is full
#   Decrease Java heap size (-Xmx/-Xms)
#   Decrease number of Java threads
#   Decrease Java thread stack sizes (-Xss)
#   Set larger code cache with -XX:ReservedCodeCacheSize=
#   JVM is running with Unscaled Compressed Oops mode in which the Java heap is
#     placed in the first 4GB address space. The Java Heap base address is the
#     maximum limit for the native heap growth. Please use -XX:HeapBaseMinAddress
#     to set the Java Heap base and to place the Java Heap above 4GB virtual address.
# This output file may be truncated or incomplete.
#
#  Out of Memory Error (allocation.cpp:44), pid=20336, tid=15632
#
# JRE version:  (21.0.9) (build )
# Java VM: OpenJDK 64-Bit Server VM (21.0.9+-14649483-b1163.86, mixed mode, sharing, tiered, compressed oops, compressed class ptrs, g1 gc, windows-amd64)
# No core dump will be written. Minidumps are not enabled by default on client versions of Windows
#

---------------  S U M M A R Y ------------

Command Line: org.jetbrains.kotlin.cli.jvm.K2JVMCompiler @D:\project_uts_mobile\app\build\20260709_13566242255535131419.compiler.options

Host: 12th Gen Intel(R) Core(TM) i3-1220P, 12 cores, 7G,  Windows 11 , 64 bit Build 26100 (10.0.26100.8737)
Time: Thu Jul  9 20:50:04 2026 SE Asia Standard Time elapsed time: 3.054543 seconds (0d 0h 0m 3s)

---------------  T H R E A D  ---------------

Current thread (0x000001559957d2e0):  JavaThread "Unknown thread" [_thread_in_vm, id=15632, stack(0x0000000815400000,0x0000000815500000) (1024K)]

Stack: [0x0000000815400000,0x0000000815500000]
Native frames: (J=compiled Java code, j=interpreted, Vv=VM code, C=native code)
V  [jvm.dll+0x6d6c99]
V  [jvm.dll+0x866b83]
V  [jvm.dll+0x86919e]
V  [jvm.dll+0x869883]
V  [jvm.dll+0x280776]
V  [jvm.dll+0xbaf47]
V  [jvm.dll+0x333565]
V  [jvm.dll+0x32bbd1]
V  [jvm.dll+0x82e839]
V  [jvm.dll+0x3bf818]
V  [jvm.dll+0x8179d8]
V  [jvm.dll+0x453cbe]
V  [jvm.dll+0x455421]
C  [jli.dll+0x52ab]
C  [ucrtbase.dll+0x2cd30]
C  [KERNEL32.DLL+0x2e957]
C  [ntdll.dll+0xaad6c]


---------------  P R O C E S S  ---------------

Threads class SMR info:
_java_thread_list=0x00007fff5f54b988, length=0, elements={
}

Java Threads: ( => current thread )
Total: 0

Other Threads:
  0x00000155995ce810 WorkerThread "GC Thread#0"                     [id=14796, stack(0x0000000815500000,0x0000000815600000) (1024K)]

[error occurred during error reporting (printing all threads), id 0xc0000005, EXCEPTION_ACCESS_VIOLATION (0xc0000005) at pc=0x00007fff5ed38090]
VM state: not at safepoint (not fully initialized)

VM Mutex/Monitor currently owned by a thread:  ([mutex/lock_event])
[0x00007fff5f5b8790] Heap_lock - owner thread: 0x000001559957d2e0

Heap address: 0x0000000084000000, size: 1984 MB, Compressed Oops mode: 32-bit

CDS archive(s) mapped at: [0x0000000000000000-0x0000000000000000-0x0000000000000000), size 0, SharedBaseAddress: 0x0000000800000000, ArchiveRelocationMode: 1.
Narrow klass base: 0x0000000000000000, Narrow klass shift: 0, Narrow klass range: 0x0

GC Precious Log:
 CardTable entry size: 512
 Card Set container configuration: InlinePtr #cards 5 size 8 Array Of Cards #cards 12 size 40 Howl #buckets 4 coarsen threshold 1843 Howl Bitmap #cards 512 size 80 coarsen threshold 460 Card regions per heap region 1 cards per card region 2048

Heap:
 garbage-first heap   total 0K, used 0K [0x0000000084000000, 0x0000000100000000)
  region size 1024K, 0 young (0K), 0 survivors (0K)
 Metaspace       used 0K, committed 0K, reserved 0K
  class space    used 0K, committed 0K, reserved 0K

Heap Regions: E=young(eden), S=young(survivor), O=old, HS=humongous(starts), HC=humongous(continues), CS=collection set, F=free, TAMS=top-at-mark-start, PB=parsable bottom

Card table byte_map: [0x00000155abff0000,0x00000155ac3d0000] _byte_map_base: 0x00000155abbd0000

GC Heap History (0 events):
No events

Dll operation events (1 events):
Event: 1.026 Loaded shared library C:\Program Files\Android\Android Studio\jbr\bin\java.dll

Deoptimization events (0 events):
No events

Classes loaded (0 events):
No events

Classes unloaded (0 events):
No events

Classes redefined (0 events):
No events

Internal exceptions (0 events):
No events

ZGC Phase Switch (0 events):
No events

VM Operations (0 events):
No events

Memory protections (0 events):
No events

Nmethod flushes (0 events):
No events

Events (0 events):
No events


Dynamic libraries:
0x00007ff650f30000 - 0x00007ff650f3a000 	C:\Program Files\Android\Android Studio\jbr\bin\java.exe
0x00007fffc28a0000 - 0x00007fffc2b06000 	C:\WINDOWS\SYSTEM32\ntdll.dll
0x00007fffc13c0000 - 0x00007fffc1489000 	C:\WINDOWS\System32\KERNEL32.DLL
0x00007fffc0100000 - 0x00007fffc0500000 	C:\WINDOWS\System32\KERNELBASE.dll
0x00007fffbff70000 - 0x00007fffc00bc000 	C:\WINDOWS\System32\ucrtbase.dll
0x00007fff61490000 - 0x00007fff614ab000 	C:\Program Files\Android\Android Studio\jbr\bin\VCRUNTIME140.dll
0x00007fffa9370000 - 0x00007fffa9388000 	C:\Program Files\Android\Android Studio\jbr\bin\jli.dll
0x00007fffc0f10000 - 0x00007fffc10d7000 	C:\WINDOWS\System32\USER32.dll
0x00007fffc00d0000 - 0x00007fffc00f7000 	C:\WINDOWS\System32\win32u.dll
0x00007fffc24a0000 - 0x00007fffc24cb000 	C:\WINDOWS\System32\GDI32.dll
0x00007fffbfb80000 - 0x00007fffbfca9000 	C:\WINDOWS\System32\gdi32full.dll
0x00007fffbfe30000 - 0x00007fffbfed3000 	C:\WINDOWS\System32\msvcp_win.dll
0x00007fffa7ab0000 - 0x00007fffa7d42000 	C:\WINDOWS\WinSxS\amd64_microsoft.windows.common-controls_6595b64144ccf1df_6.0.26100.8737_none_3e092eaee333b772\COMCTL32.dll
0x00007fffc23d0000 - 0x00007fffc2479000 	C:\WINDOWS\System32\msvcrt.dll
0x00007fffc2160000 - 0x00007fffc2192000 	C:\WINDOWS\System32\IMM32.DLL
0x00000000650e0000 - 0x00000000650ed000 	C:\Program Files (x86)\360\Total Security\safemon\SafeWrapper.dll
0x00007fffc05d0000 - 0x00007fffc0687000 	C:\WINDOWS\System32\ADVAPI32.dll
0x00007fffc1530000 - 0x00007fffc15da000 	C:\WINDOWS\System32\sechost.dll
0x00007fffc17c0000 - 0x00007fffc18d8000 	C:\WINDOWS\System32\RPCRT4.dll
0x00007fffbdc30000 - 0x00007fffbdd35000 	C:\Program Files (x86)\360\Total Security\safemon\libzdtp64.dll
0x00007fffc19c0000 - 0x00007fffc2152000 	C:\WINDOWS\System32\SHELL32.dll
0x00007fffc0c20000 - 0x00007fffc0c87000 	C:\WINDOWS\System32\SHLWAPI.dll
0x00007fffbf3b0000 - 0x00007fffbf3bb000 	C:\WINDOWS\SYSTEM32\VERSION.dll
0x00007fff61480000 - 0x00007fff6148c000 	C:\Program Files\Android\Android Studio\jbr\bin\vcruntime140_1.dll
0x00007fff9b900000 - 0x00007fff9b98d000 	C:\Program Files\Android\Android Studio\jbr\bin\msvcp140.dll
0x00007fff5ea00000 - 0x00007fff5f696000 	C:\Program Files\Android\Android Studio\jbr\bin\server\jvm.dll
0x00007fffc14a0000 - 0x00007fffc1520000 	C:\WINDOWS\System32\WS2_32.dll
0x00007fffbf940000 - 0x00007fffbf99e000 	C:\WINDOWS\SYSTEM32\POWRPROF.dll
0x00007fffa7730000 - 0x00007fffa7766000 	C:\WINDOWS\SYSTEM32\WINMM.dll
0x00007fffbf920000 - 0x00007fffbf934000 	C:\WINDOWS\SYSTEM32\UMPDC.dll
0x00007fffbe700000 - 0x00007fffbe71b000 	C:\WINDOWS\SYSTEM32\kernel.appcore.dll
0x00007fff61470000 - 0x00007fff6147a000 	C:\Program Files\Android\Android Studio\jbr\bin\jimage.dll
0x00007fffbcec0000 - 0x00007fffbd102000 	C:\WINDOWS\SYSTEM32\DBGHELP.DLL
0x00007fffc24d0000 - 0x00007fffc2853000 	C:\WINDOWS\System32\combase.dll
0x00007fffc18e0000 - 0x00007fffc19b9000 	C:\WINDOWS\System32\OLEAUT32.dll
0x00007fffac620000 - 0x00007fffac65b000 	C:\WINDOWS\SYSTEM32\dbgcore.DLL
0x00007fffbfac0000 - 0x00007fffbfb6c000 	C:\WINDOWS\System32\bcryptPrimitives.dll
0x00007fff61450000 - 0x00007fff61470000 	C:\Program Files\Android\Android Studio\jbr\bin\java.dll

JVMTI agents: none

dbghelp: loaded successfully - version: 4.0.5 - missing functions: none
symbol engine: initialized successfully - sym options: 0x614 - pdb path: .;C:\Program Files\Android\Android Studio\jbr\bin;C:\WINDOWS\SYSTEM32;C:\WINDOWS\WinSxS\amd64_microsoft.windows.common-controls_6595b64144ccf1df_6.0.26100.8737_none_3e092eaee333b772;C:\Program Files (x86)\360\Total Security\safemon;C:\Program Files\Android\Android Studio\jbr\bin\server

VM Arguments:
java_command: org.jetbrains.kotlin.cli.jvm.K2JVMCompiler @D:\project_uts_mobile\app\build\20260709_13566242255535131419.compiler.options
java_class_path (initial): C:\Users\anisa febrianti\.gradle\caches\modules-2\files-2.1\org.jetbrains.kotlin\kotlin-compiler-embeddable\2.0.20\244b603e8c729f98baaf9088d90b5b9350c68af8\kotlin-compiler-embeddable-2.0.20.jar;C:\Users\anisa febrianti\.gradle\caches\modules-2\files-2.1\org.jetbrains.kotlin\kotlin-stdlib\2.0.20\7388d355f7cceb002cd387ccb7ab3850e4e0a07f\kotlin-stdlib-2.0.20.jar;C:\Users\anisa febrianti\.gradle\caches\modules-2\files-2.1\org.jetbrains.kotlin\kotlin-script-runtime\2.0.20\4aea042b39014e0a924c2e1d4a21b6fff7e4d35\kotlin-script-runtime-2.0.20.jar;C:\Users\anisa febrianti\.gradle\caches\modules-2\files-2.1\org.jetbrains.kotlin\kotlin-reflect\1.6.10\1cbe9c92c12a94eea200d23c2bbaedaf3daf5132\kotlin-reflect-1.6.10.jar;C:\Users\anisa febrianti\.gradle\caches\modules-2\files-2.1\org.jetbrains.kotlin\kotlin-daemon-embeddable\2.0.20\9eb02dce62f058efe6a121cf00cf5da9779e2746\kotlin-daemon-embeddable-2.0.20.jar;C:\Users\anisa febrianti\.gradle\caches\modules-2\files-2.1\org.jetbrains.intellij.deps\trove4j\1.0.20200330\3afb14d5f9ceb459d724e907a21145e8ff394f02\trove4j-1.0.20200330.jar;C:\Users\anisa febrianti\.gradle\caches\modules-2\files-2.1\org.jetbrains.kotlinx\kotlinx-coroutines-core-jvm\1.6.4\2c997cd1c0ef33f3e751d3831929aeff1390cb30\kotlinx-coroutines-core-jvm-1.6.4.jar;C:\Users\anisa febrianti\.gradle\caches\modules-2\files-2.1\org.jetbrains\annotations\13.0\919f0dfe192fb4e063e7dacadee7f8bb9a2672a9\annotations-13.0.jar
Launcher Type: SUN_STANDARD

[Global flags]
     intx CICompilerCount                          = 4                                         {product} {ergonomic}
     uint ConcGCThreads                            = 3                                         {product} {ergonomic}
     uint G1ConcRefinementThreads                  = 10                                        {product} {ergonomic}
   size_t G1HeapRegionSize                         = 1048576                                   {product} {ergonomic}
    uintx GCDrainStackTargetSize                   = 64                                        {product} {ergonomic}
   size_t InitialHeapSize                          = 130023424                                 {product} {ergonomic}
   size_t MarkStackSize                            = 4194304                                   {product} {ergonomic}
   size_t MaxHeapSize                              = 2080374784                                {product} {ergonomic}
   size_t MinHeapDeltaBytes                        = 1048576                                   {product} {ergonomic}
   size_t MinHeapSize                              = 8388608                                   {product} {ergonomic}
    uintx NonNMethodCodeHeapSize                   = 5839372                                {pd product} {ergonomic}
    uintx NonProfiledCodeHeapSize                  = 122909434                              {pd product} {ergonomic}
    uintx ProfiledCodeHeapSize                     = 122909434                              {pd product} {ergonomic}
    uintx ReservedCodeCacheSize                    = 251658240                              {pd product} {ergonomic}
     bool SegmentedCodeCache                       = true                                      {product} {ergonomic}
   size_t SoftMaxHeapSize                          = 2080374784                             {manageable} {ergonomic}
     bool UseCompressedOops                        = true                           {product lp64_product} {ergonomic}
     bool UseG1GC                                  = true                                      {product} {ergonomic}
     bool UseLargePagesIndividualAllocation        = false                                  {pd product} {ergonomic}

Logging:
Log output configuration:
 #0: stdout all=warning uptime,level,tags foldmultilines=false
 #1: stderr all=off uptime,level,tags foldmultilines=false

Release file:
<release file has not been read>
Environment Variables:
PATH=C:\Program Files\Common Files\Oracle\Java\javapath;C:\WINDOWS\system32;C:\WINDOWS;C:\WINDOWS\System32\Wbem;C:\WINDOWS\System32\WindowsPowerShell\v1.0\;C:\WINDOWS\System32\OpenSSH\;C:\Program Files\Git\cmd;C:\Program Files\nodejs\;C:\Users\anisa febrianti\AppData\Local\Programs\Python\Launcher\;C:\Users\anisa febrianti\AppData\Local\Microsoft\WindowsApps;C:\Users\anisa febrianti\AppData\Local\Programs\Python\Python313\Scripts;C:\Users\anisa febrianti\AppData\Local\Programs\Python\Python313;C:\Users\anisa febrianti\AppData\Local\Programs\Microsoft VS Code\bin;C:\Users\anisa febrianti\AppData\Local\Packages\PythonSoftwareFoundation.Python.3.12_qbz5n2kfra8p0\LocalCache\local-packages\Python312\Scripts;C:\Users\anisa febrianti\AppData\Roaming\npm
USERNAME=anisa febrianti
OS=Windows_NT
PROCESSOR_IDENTIFIER=Intel64 Family 6 Model 154 Stepping 4, GenuineIntel
TMP=C:\Users\ANISAF~1\AppData\Local\Temp
TEMP=C:\Users\ANISAF~1\AppData\Local\Temp




Periodic native trim disabled

JNI global refs:
JNI global refs: 0, weak refs: 0

JNI global refs memory usage: 0, weak refs: 0

Process memory usage:
Resident Set Size: 13872K (0% of 8124020K total physical memory with 429384K free physical memory)

OOME stack traces (most recent first):
Classloader memory used:

---------------  S Y S T E M  ---------------

OS:
 Windows 11 , 64 bit Build 26100 (10.0.26100.8737)
OS uptime: 0 days 6:14 hours
Hyper-V role detected

CPU: total 12 (initial active 12) (6 cores per cpu, 2 threads per core) family 6 model 154 stepping 4 microcode 0x432, cx8, cmov, fxsr, ht, mmx, 3dnowpref, sse, sse2, sse3, ssse3, sse4.1, sse4.2, popcnt, lzcnt, tsc, tscinvbit, avx, avx2, aes, erms, clmul, bmi1, bmi2, adx, sha, fma, vzeroupper, clflush, clflushopt, clwb, hv, serialize, rdtscp, rdpid, fsrm, f16c, cet_ibt, cet_ss
Processor Information for processor 0
  Max Mhz: 1500, Current Mhz: 1500, Mhz Limit: 1500
Processor Information for processor 1
  Max Mhz: 1500, Current Mhz: 1500, Mhz Limit: 1500
Processor Information for processor 2
  Max Mhz: 1500, Current Mhz: 1500, Mhz Limit: 1500
Processor Information for processor 3
  Max Mhz: 1500, Current Mhz: 1500, Mhz Limit: 1500
Processor Information for processor 4
  Max Mhz: 1500, Current Mhz: 1100, Mhz Limit: 1095
Processor Information for processor 5
  Max Mhz: 1500, Current Mhz: 1100, Mhz Limit: 1095
Processor Information for processor 6
  Max Mhz: 1500, Current Mhz: 1100, Mhz Limit: 1095
Processor Information for processor 7
  Max Mhz: 1500, Current Mhz: 1100, Mhz Limit: 1095
Processor Information for processor 8
  Max Mhz: 1500, Current Mhz: 1100, Mhz Limit: 1095
Processor Information for processor 9
  Max Mhz: 1500, Current Mhz: 1100, Mhz Limit: 1095
Processor Information for processor 10
  Max Mhz: 1500, Current Mhz: 1100, Mhz Limit: 1095
Processor Information for processor 11
  Max Mhz: 1500, Current Mhz: 1100, Mhz Limit: 1095

Memory: 4k page, system-wide physical 7933M (419M free)
TotalPageFile size 20433M (AvailPageFile size 13M)
current process WorkingSet (physical memory assigned to process): 13M, peak: 13M
current process commit charge ("private bytes"): 54M, peak: 55M

vm_info: OpenJDK 64-Bit Server VM (21.0.9+-14649483-b1163.86) for windows-amd64 JRE (21.0.9+-14649483-b1163.86), built on 2025-12-30T22:08:35Z by "builder" with MS VC++ 16.10 / 16.11 (VS2019)

END.
